Component: ARM Compiler 5.06 update 1 (build 61) Tool: armlink [4d35a8]

==============================================================================

Section Cross References

    main.o(i.main) refers to _printf_percent.o(.ARM.Collect$$_printf_percent$$00000000) for _printf_percent
    main.o(i.main) refers to _printf_s.o(.ARM.Collect$$_printf_percent$$00000014) for _printf_s
    main.o(i.main) refers to _printf_str.o(.text) for _printf_str
    main.o(i.main) refers to sysctl.o(i.SysCtlClockSet) for SysCtlClockSet
    main.o(i.main) refers to termio.o(i.TERMIO_Init) for TERMIO_Init
    main.o(i.main) refers to noretval__2printf.o(.text) for __2printf
    main.o(i.main) refers to puts.o(.text) for puts
    main.o(i.main) refers to es_framework.o(i.ES_Initialize) for ES_Initialize
    main.o(i.main) refers to es_framework.o(i.ES_Run) for ES_Run
    eventcheckers.o(i.Check4Keystroke) refers to termio.o(i.kbhit) for kbhit
    eventcheckers.o(i.Check4Keystroke) refers to getc.o(.text) for getc
    eventcheckers.o(i.Check4Keystroke) refers to strategy.o(i.PostStrategySM) for PostStrategySM
    eventcheckers.o(i.Check4Keystroke) refers to retarget.o(.data) for __stdin
    testharnessservice0.o(i.InitTestHarnessService0) refers to es_queue.o(i.ES_InitQueue) for ES_InitQueue
    testharnessservice0.o(i.InitTestHarnessService0) refers to es_shorttimer.o(i.ES_ShortTimerInit) for ES_ShortTimerInit
    testharnessservice0.o(i.InitTestHarnessService0) refers to sysctl.o(i.SysCtlPeripheralEnable) for SysCtlPeripheralEnable
    testharnessservice0.o(i.InitTestHarnessService0) refers to gpio.o(i.GPIOPinTypeGPIOOutput) for GPIOPinTypeGPIOOutput
    testharnessservice0.o(i.InitTestHarnessService0) refers to gpio.o(i.GPIOPinWrite) for GPIOPinWrite
    testharnessservice0.o(i.InitTestHarnessService0) refers to es_framework.o(i.ES_PostToService) for ES_PostToService
    testharnessservice0.o(i.InitTestHarnessService0) refers to testharnessservice0.o(.data) for .data
    testharnessservice0.o(i.InitTestHarnessService0) refers to testharnessservice0.o(.bss) for .bss
    testharnessservice0.o(i.PostTestHarnessService0) refers to es_framework.o(i.ES_PostToService) for ES_PostToService
    testharnessservice0.o(i.PostTestHarnessService0) refers to testharnessservice0.o(.data) for .data
    testharnessservice0.o(i.RunTestHarnessService0) refers to _printf_percent.o(.ARM.Collect$$_printf_percent$$00000000) for _printf_percent
    testharnessservice0.o(i.RunTestHarnessService0) refers to _printf_d.o(.ARM.Collect$$_printf_percent$$00000009) for _printf_d
    testharnessservice0.o(i.RunTestHarnessService0) refers to _printf_dec.o(.text) for _printf_int_dec
    testharnessservice0.o(i.RunTestHarnessService0) refers to _printf_c.o(.ARM.Collect$$_printf_percent$$00000013) for _printf_c
    testharnessservice0.o(i.RunTestHarnessService0) refers to _printf_str.o(.text) for _printf_str
    testharnessservice0.o(i.RunTestHarnessService0) refers to es_timers.o(i.ES_Timer_InitTimer) for ES_Timer_InitTimer
    testharnessservice0.o(i.RunTestHarnessService0) refers to puts.o(.text) for puts
    testharnessservice0.o(i.RunTestHarnessService0) refers to noretval__2printf.o(.text) for __2printf
    testharnessservice0.o(i.RunTestHarnessService0) refers to gpio.o(i.GPIOPinWrite) for GPIOPinWrite
    testharnessservice0.o(i.RunTestHarnessService0) refers to es_queue.o(i.ES_EnQueueLIFO) for ES_EnQueueLIFO
    testharnessservice0.o(i.RunTestHarnessService0) refers to es_framework.o(i.ES_PostToService) for ES_PostToService
    testharnessservice0.o(i.RunTestHarnessService0) refers to es_deferrecall.o(i.ES_RecallEvents) for ES_RecallEvents
    testharnessservice0.o(i.RunTestHarnessService0) refers to es_shorttimer.o(i.ES_ShortTimerStart) for ES_ShortTimerStart
    testharnessservice0.o(i.RunTestHarnessService0) refers to testharnessservice0.o(.data) for .data
    testharnessservice0.o(i.RunTestHarnessService0) refers to testharnessservice0.o(.bss) for .bss
    es_shorttimer.o(i.ES_ShortTimerInit) refers to sysctl.o(i.SysCtlPeripheralEnable) for SysCtlPeripheralEnable
    es_shorttimer.o(i.ES_ShortTimerInit) refers to timer.o(i.TimerConfigure) for TimerConfigure
    es_shorttimer.o(i.ES_ShortTimerInit) refers to timer.o(i.TimerPrescaleSet) for TimerPrescaleSet
    es_shorttimer.o(i.ES_ShortTimerInit) refers to es_shorttimer.o(.data) for .data
    es_shorttimer.o(i.ES_ShortTimerStart) refers to es_shorttimer.o(i.ShortTimerBHandler) for ShortTimerBHandler
    es_shorttimer.o(i.ES_ShortTimerStart) refers to timer.o(i.TimerLoadSet) for TimerLoadSet
    es_shorttimer.o(i.ES_ShortTimerStart) refers to timer.o(i.TimerIntEnable) for TimerIntEnable
    es_shorttimer.o(i.ES_ShortTimerStart) refers to interrupt.o(i.IntEnable) for IntEnable
    es_shorttimer.o(i.ES_ShortTimerStart) refers to timer.o(i.TimerEnable) for TimerEnable
[...]
    g_pui32UnpendRegs                        0x0000684c   Data          20  interrupt.o(.constdata)
    .constdata                               0x00006860   Section      452  sysctl.o(.constdata)
    g_pui32VCOFrequencies                    0x00006860   Data           8  sysctl.o(.constdata)
    g_pui32Xtals                             0x00006868   Data         108  sysctl.o(.constdata)
    g_pppui32XTALtoVCO                       0x000068d4   Data         288  sysctl.o(.constdata)
    g_sXTALtoMEMTIM                          0x000069f4   Data          48  sysctl.o(.constdata)
    .constdata                               0x00006a24   Section       17  __printf_flags_wp.o(.constdata)
    maptable                                 0x00006a24   Data          17  __printf_flags_wp.o(.constdata)
    .constdata                               0x00006a38   Section      148  bigflt0.o(.constdata)
    tenpwrs_x                                0x00006a38   Data          60  bigflt0.o(.constdata)
    tenpwrs_i                                0x00006a74   Data          64  bigflt0.o(.constdata)
    .conststring                             0x00006acc   Section       17  uartstdio.o(.conststring)
    locale$$data                             0x00006b00   Section       28  lc_numeric_c.o(locale$$data)
    __lcnum_c_name                           0x00006b04   Data           2  lc_numeric_c.o(locale$$data)
    __lcnum_c_start                          0x00006b0c   Data           0  lc_numeric_c.o(locale$$data)
    __lcnum_c_point                          0x00006b18   Data           0  lc_numeric_c.o(locale$$data)
    __lcnum_c_thousands                      0x00006b1a   Data           0  lc_numeric_c.o(locale$$data)
    __lcnum_c_grouping                       0x00006b1b   Data           0  lc_numeric_c.o(locale$$data)
    __lcnum_c_end                            0x00006b1c   Data           0  lc_numeric_c.o(locale$$data)
    .data                                    0x20000000   Section        3  testharnessservice0.o(.data)
    DeferredChar                             0x20000000   Data           1  testharnessservice0.o(.data)
    LEDvalue                                 0x20000001   Data           1  testharnessservice0.o(.data)
    MyPriority                               0x20000002   Data           1  testharnessservice0.o(.data)
    .data                                    0x20000003   Section        2  es_shorttimer.o(.data)
    Timer_A_Priority                         0x20000003   Data           1  es_shorttimer.o(.data)
    Timer_B_Priority                         0x20000004   Data           1  es_shorttimer.o(.data)
    .data                                    0x20000008   Section       45  strategy.o(.data)
    startedGame                              0x20000008   Data           1  strategy.o(.data)
    ShootingInProgress                       0x20000009   Data           1  strategy.o(.data)
    ShootingComplete                         0x2000000a   Data           1  strategy.o(.data)
    firstTimeFrequencyFound                  0x2000000b   Data           1  strategy.o(.data)
    LocationUpdated                          0x2000000c   Data           1  strategy.o(.data)
    NACK_COUNT                               0x2000000d   Data           1  strategy.o(.data)
    StationCaptured                          0x2000000e   Data           1  strategy.o(.data)
    myColor                                  0x2000000f   Data           1  strategy.o(.data)
    CapStationDontPoll                       0x20000010   Data           1  strategy.o(.data)
    PreviousLocation                         0x20000011   Data           1  strategy.o(.data)
    SS3                                      0x20000012   Data           1  strategy.o(.data)
    CurrentState                             0x20000013   Data           1  strategy.o(.data)
    ResponseReady                            0x20000014   Data           1  strategy.o(.data)
    RequestStatus                            0x20000015   Data           1  strategy.o(.data)
    ACK                                      0x20000016   Data           1  strategy.o(.data)
    RBN                                      0x20000017   Data           1  strategy.o(.data)
    LOC                                      0x20000018   Data           1  strategy.o(.data)
    MyPriority                               0x20000019   Data           1  strategy.o(.data)
    IsClockwise                              0x2000001a   Data           1  strategy.o(.data)
    BIG_TIMER_COUNT                          0x2000001c   Data           2  strategy.o(.data)
    errorInFrequency                         0x20000020   Data           4  strategy.o(.data)
    BigTimerCount                            0x20000024   Data           4  strategy.o(.data)
    PseudoRequest                            0x20000028   Data           4  strategy.o(.data)
    LocationList                             0x2000002c   Data           9  strategy.o(.data)
    .data                                    0x20000035   Section        3  statuspac.o(.data)
    CurrentState                             0x20000035   Data           1  statuspac.o(.data)
    MyPriority                               0x20000036   Data           1  statuspac.o(.data)
    color                                    0x20000037   Data           1  statuspac.o(.data)
    .data                                    0x20000038   Section       23  sendbytesstatus.o(.data)
    isStatus                                 0x20000038   Data           1  sendbytesstatus.o(.data)
    isPseudo                                 0x20000039   Data           1  sendbytesstatus.o(.data)
    CurrentState                             0x2000003a   Data           1  sendbytesstatus.o(.data)
    getStatus                                0x2000003b   Data           5  sendbytesstatus.o(.data)
    getRequest                               0x20000040   Data           5  sendbytesstatus.o(.data)
    getQuery                                 0x20000045   Data           5  sendbytesstatus.o(.data)
    readdata                                 0x2000004a   Data           5  sendbytesstatus.o(.data)
    .data                                    0x20000050   Section       60  init_all.o(.data)
    startedShoot                             0x20000050   Data           1  init_all.o(.data)
    ATriggeredFirst                          0x20000051   Data           1  init_all.o(.data)
    BTriggeredFirst                          0x20000052   Data           1  init_all.o(.data)
    seattleDetected                          0x20000053   Data           1  init_all.o(.data)
    miamiDetected                            0x20000054   Data           1  init_all.o(.data)
    concordDetected                          0x20000055   Data           1  init_all.o(.data)
    sacramentoDetected                       0x20000056   Data           1  init_all.o(.data)
    avgCountA                                0x20000057   Data           1  init_all.o(.data)
    avgCountB                                0x20000058   Data           1  init_all.o(.data)
    CurrentDirection                         0x20000059   Data           1  init_all.o(.data)
    MiamiBeaconCounter                       0x2000005c   Data           4  init_all.o(.data)
    SeattleBeaconCounter                     0x20000060   Data           4  init_all.o(.data)
    pulsePeriodA                             0x20000064   Data           4  init_all.o(.data)
    counterA                                 0x20000068   Data           4  init_all.o(.data)
    newEdgeTimeA                             0x2000006c   Data           4  init_all.o(.data)
    oldEdgeTimeA                             0x20000070   Data           4  init_all.o(.data)
    pulsePeriodB                             0x20000074   Data           4  init_all.o(.data)
    counterB                                 0x20000078   Data           4  init_all.o(.data)
    newEdgeTimeB                             0x2000007c   Data           4  init_all.o(.data)
    oldEdgeTimeB                             0x20000080   Data           4  init_all.o(.data)
    LastCapture                              0x20000084   Data           4  init_all.o(.data)
    Period                                   0x20000088   Data           4  init_all.o(.data)
    .data                                    0x2000008c   Section        1  capturestation.o(.data)
    CurrentState                             0x2000008c   Data           1  capturestation.o(.data)
    .data                                    0x2000008d   Section        2  campaigning.o(.data)
    CurrentState                             0x2000008d   Data           1  campaigning.o(.data)
    MyPriority                               0x2000008e   Data           1  campaigning.o(.data)
    .data                                    0x2000008f   Section        1  admulti.o(.data)
    NumChannelsConverting                    0x2000008f   Data           1  admulti.o(.data)
    .data                                    0x20000090   Section        2  pwm10tiva.o(.data)
    MaxConfiguredChannel                     0x20000090   Data           1  pwm10tiva.o(.data)
    i                                        0x20000091   Data           1  pwm10tiva.o(.data)
    .data                                    0x20000092   Section        8  activateshooter.o(.data)
    CurrentState                             0x20000092   Data           1  activateshooter.o(.data)
    startRotationTime                        0x20000094   Data           2  activateshooter.o(.data)
    endRotationTime                          0x20000096   Data           2  activateshooter.o(.data)
    totalRotationTime                        0x20000098   Data           2  activateshooter.o(.data)
    .data                                    0x2000009a   Section        4  cannon.o(.data)
    MyPriority                               0x2000009a   Data           1  cannon.o(.data)
    CurrentState                             0x2000009b   Data           1  cannon.o(.data)
    totalRotationTime                        0x2000009c   Data           2  cannon.o(.data)
    .data                                    0x200000a0   Section       24  camera.o(.data)
    BufferInd                                0x200000a0   Data           1  camera.o(.data)
    CLKState                                 0x200000a1   Data           1  camera.o(.data)
    CompletedRead                            0x200000a2   Data           1  camera.o(.data)
    ForwardDrive                             0x200000a3   Data           1  camera.o(.data)
    LineFound                                0x200000a4   Data           1  camera.o(.data)
    CurrentState                             0x200000a5   Data           1  camera.o(.data)
    MyPriority                               0x200000a6   Data           1  camera.o(.data)
    SI_Counter                               0x200000a8   Data           2  camera.o(.data)
    Direction                                0x200000ac   Data           4  camera.o(.data)
    LastLineCenter                           0x200000b0   Data           4  camera.o(.data)
    AnalogReading                            0x200000b4   Data           4  camera.o(.data)
    .data                                    0x200000b8   Section       68  followline.o(.data)
    LineLostRecovery                         0x200000b8   Data           1  followline.o(.data)
    InPWMDeadband                            0x200000b9   Data           1  followline.o(.data)
    CurrentState                             0x200000ba   Data           1  followline.o(.data)
    Error                                    0x200000bc   Data           4  followline.o(.data)
    AccumulatedError                         0x200000c0   Data           4  followline.o(.data)
    AppendError                              0x200000c4   Data           4  followline.o(.data)
    Direction                                0x200000c8   Data           4  followline.o(.data)
    PreviousError                            0x200000cc   Data           4  followline.o(.data)
    SpeedReduction                           0x200000d0   Data           4  followline.o(.data)
    LineLostCounter                          0x200000d4   Data           4  followline.o(.data)
    AverageProximity                         0x200000d8   Data           4  followline.o(.data)
    distance                                 0x200000dc   Data           4  followline.o(.data)
    Command                                  0x200000e0   Data           4  followline.o(.data)
    RightInput                               0x200000e4   Data           4  followline.o(.data)
    LeftInput                                0x200000e8   Data           4  followline.o(.data)
    PastLineAverage                          0x200000ec   Data           4  followline.o(.data)
    Derivative                               0x200000f0   Data           4  followline.o(.data)
    PastLine                                 0x200000f4   Data           8  followline.o(.data)
    .data                                    0x200000fc   Section       20  ultrasonic.o(.data)
    CurrentState                             0x200000fc   Data           1  ultrasonic.o(.data)
    MyPriority                               0x200000fd   Data           1  ultrasonic.o(.data)
    Period                                   0x20000100   Data           4  ultrasonic.o(.data)
    distance                                 0x20000104   Data           4  ultrasonic.o(.data)
    risetime                                 0x20000108   Data           4  ultrasonic.o(.data)
    falltime                                 0x2000010c   Data           4  ultrasonic.o(.data)
    .data                                    0x20000110   Section        2  es_framework.o(.data)
    .data                                    0x20000112   Section        4  es_port.o(.data)
    TickCount                                0x20000112   Data           1  es_port.o(.data)
    SysTickCounter                           0x20000114   Data           2  es_port.o(.data)
    .data                                    0x20000118   Section        4  es_queue.o(.data)
    .data                                    0x2000011c   Section        6  es_timers.o(.data)
    NextTimer2Process                        0x2000011c   Data           1  es_timers.o(.data)
    NeedsProcessing                          0x2000011e   Data           2  es_timers.o(.data)
    TMR_ActiveFlags                          0x20000120   Data           2  es_timers.o(.data)
    .data                                    0x20000124   Section        4  retarget.o(.data)
    .data                                    0x20000128   Section        4  retarget.o(.data)
    .data                                    0x2000012c   Section        8  uartstdio.o(.data)
    bLastWasCR                               0x2000012c   Data           1  uartstdio.o(.data)
    g_ui32Base                               0x20000130   Data           4  uartstdio.o(.data)
    .bss                                     0x20000134   Section       40  testharnessservice0.o(.bss)
    DeferralQueue                            0x20000134   Data          40  testharnessservice0.o(.bss)
    .bss                                     0x2000015c   Section       64  init_all.o(.bss)
    MovingAverageA                           0x2000015c   Data          32  init_all.o(.bss)
    MovingAverageB                           0x2000017c   Data          32  init_all.o(.bss)
    .bss                                     0x2000019c   Section       32  pwm10tiva.o(.bss)
    LocalDuty                                0x2000019c   Data          10  pwm10tiva.o(.bss)
    ulPeriod                                 0x200001a8   Data          20  pwm10tiva.o(.bss)
    .bss                                     0x200001bc   Section      384  camera.o(.bss)
    Buffer                                   0x200001bc   Data         256  camera.o(.bss)
    thresholded                              0x200002bc   Data         128  camera.o(.bss)
    .bss                                     0x2000033c   Section       40  followline.o(.bss)
    PastProximity                            0x2000033c   Data          40  followline.o(.bss)
    .bss                                     0x20000364   Section       10  es_framework.o(.bss)
    ThisEvent                                0x20000364   Data          10  es_framework.o(.bss)
    .bss                                     0x2000036e   Section       60  es_framework.o(.bss)
    Queue0                                   0x2000036e   Data          60  es_framework.o(.bss)
    .bss                                     0x200003aa   Section       40  es_framework.o(.bss)
    Queue1                                   0x200003aa   Data          40  es_framework.o(.bss)
    .bss                                     0x200003d2   Section       40  es_framework.o(.bss)
    Queue2                                   0x200003d2   Data          40  es_framework.o(.bss)
    .bss                                     0x200003fa   Section       40  es_framework.o(.bss)
    Queue3                                   0x200003fa   Data          40  es_framework.o(.bss)
    .bss                                     0x20000422   Section       40  es_framework.o(.bss)
    Queue4                                   0x20000422   Data          40  es_framework.o(.bss)
    .bss                                     0x2000044a   Section       40  es_framework.o(.bss)
    Queue5                                   0x2000044a   Data          40  es_framework.o(.bss)
    .bss                                     0x20000472   Section       40  es_framework.o(.bss)
    Queue6                                   0x20000472   Data          40  es_framework.o(.bss)
    .bss                                     0x2000049a   Section       42  es_timers.o(.bss)
    TMR_TimerArray                           0x2000049a   Data          32  es_timers.o(.bss)
    NewEvent                                 0x200004ba   Data          10  es_timers.o(.bss)
    .bss                                     0x200004c4   Section       96  libspace.o(.bss)
    HEAP                                     0x20000528   Section        0  startup_rvmdk.o(HEAP)
    STACK                                    0x20000528   Section     2048  startup_rvmdk.o(STACK)
    HeapMem                                  0x20000528   Data           0  startup_rvmdk.o(HEAP)
    StackMem                                 0x20000528   Data           0  startup_rvmdk.o(STACK)

    Global Symbols

    Symbol Name                              Value     Ov Type        Size  Object(Section)

    BuildAttributes$$THM_ISAv4$E$P$D$K$B$S$7EM$VFPi3$EXTD16$VFPS$VFMA$PE$A:L22UL41UL21$X:L11$S22US41US21$IEEE1$IW$USESV6$~STKCKD$USESV7$~SHL$OTIME$ROPI$IEEEJ$EBA8$UX$STANDARDLIB$REQ8$PRES8$EABIv2 0x00000000   Number         0  anon$$obj.o ABSOLUTE
    __ARM_use_no_argv                        0x00000000   Number         0  main.o ABSOLUTE
    __Vectors                                0x00000000   Data           0  startup_rvmdk.o(RESET)
    _printf_flags                            0x00000000   Number         0  printf_stubs.o ABSOLUTE
    _printf_return_value                     0x00000000   Number         0  printf_stubs.o ABSOLUTE
    _printf_sizespec                         0x00000000   Number         0  printf_stubs.o ABSOLUTE
    _printf_widthprec                        0x00000000   Number         0  printf_stubs.o ABSOLUTE
    __ARM_exceptions_init                     - Undefined Weak Reference
    __alloca_initialize                       - Undefined Weak Reference
    __arm_preinit_                            - Undefined Weak Reference
    __cpp_initialize__aeabi_                  - Undefined Weak Reference
    __cxa_finalize                            - Undefined Weak Reference
    __sigvec_lookup                           - Undefined Weak Reference
    _atexit_init                              - Undefined Weak Reference
    _call_atexit_fns                          - Undefined Weak Reference
    _clock_init                               - Undefined Weak Reference
    _fp_trap_init                             - Undefined Weak Reference
    _fp_trap_shutdown                         - Undefined Weak Reference
    _get_lc_collate                           - Undefined Weak Reference
    _get_lc_ctype                             - Undefined Weak Reference
    _get_lc_monetary                          - Undefined Weak Reference
    _get_lc_time                              - Undefined Weak Reference
    _getenv_init                              - Undefined Weak Reference
    _handle_redirection                       - Undefined Weak Reference
    _init_alloc                               - Undefined Weak Reference
    _init_user_alloc                          - Undefined Weak Reference
    _initio                                   - Undefined Weak Reference
    _printf_mbtowc                            - Undefined Weak Reference
    _printf_post_padding                      - Undefined Weak Reference
    _printf_pre_padding                       - Undefined Weak Reference
    _printf_truncate_signed                   - Undefined Weak Reference
    _printf_truncate_unsigned                 - Undefined Weak Reference
    _rand_init                                - Undefined Weak Reference
    _signal_finish                            - Undefined Weak Reference
    _signal_init                              - Undefined Weak Reference
    _terminate_alloc                          - Undefined Weak Reference
    _terminate_user_alloc                     - Undefined Weak Reference
    _terminateio                              - Undefined Weak Reference
    Reset_Handler                            0x0000026d   Thumb Code     0  startup_rvmdk.o(RESET)
    __main                                   0x00000289   Thumb Code     8  __main.o(!!!main)
    __scatterload                            0x00000291   Thumb Code     0  __scatter.o(!!!scatter)
    __scatterload_rt2                        0x00000291   Thumb Code    44  __scatter.o(!!!scatter)
    __scatterload_rt2_thumb_only             0x00000291   Thumb Code     0  __scatter.o(!!!scatter)
    __scatterload_null                       0x0000029f   Thumb Code     0  __scatter.o(!!!scatter)
    __decompress                             0x000002c5   Thumb Code    58  __dczerorl.o(!!dczerorl)
    __decompress0                            0x000002c5   Thumb Code     0  __dczerorl.o(!!dczerorl)
    __scatterload_zeroinit                   0x00000301   Thumb Code    28  __scatter_zi.o(!!handler_zi)
    _printf_f                                0x0000031d   Thumb Code     0  _printf_f.o(.ARM.Collect$$_printf_percent$$00000003)
    _printf_percent                          0x0000031d   Thumb Code     0  _printf_percent.o(.ARM.Collect$$_printf_percent$$00000000)
    _printf_d                                0x00000323   Thumb Code     0  _printf_d.o(.ARM.Collect$$_printf_percent$$00000009)
    _printf_c                                0x00000329   Thumb Code     0  _printf_c.o(.ARM.Collect$$_printf_percent$$00000013)
    _printf_s                                0x0000032f   Thumb Code     0  _printf_s.o(.ARM.Collect$$_printf_percent$$00000014)
    _printf_percent_end                      0x00000335   Thumb Code     0  _printf_percent_end.o(.ARM.Collect$$_printf_percent$$00000017)
    __rt_lib_init                            0x00000339   Thumb Code     0  libinit.o(.ARM.Collect$$libinit$$00000000)
    __rt_lib_init_fp_1                       0x0000033b   Thumb Code     0  libinit2.o(.ARM.Collect$$libinit$$00000001)
    __rt_lib_init_heap_1                     0x0000033f   Thumb Code     0  libinit2.o(.ARM.Collect$$libinit$$0000000A)
    __rt_lib_init_lc_common                  0x0000033f   Thumb Code     0  libinit2.o(.ARM.Collect$$libinit$$0000000F)
    __rt_lib_init_preinit_1                  0x0000033f   Thumb Code     0  libinit2.o(.ARM.Collect$$libinit$$00000004)
    __rt_lib_init_rand_1                     0x0000033f   Thumb Code     0  libinit2.o(.ARM.Collect$$libinit$$0000000E)
    __rt_lib_init_user_alloc_1               0x0000033f   Thumb Code     0  libinit2.o(.ARM.Collect$$libinit$$0000000C)
    __rt_lib_init_lc_collate_1               0x00000345   Thumb Code     0  libinit2.o(.ARM.Collect$$libinit$$00000011)
    __rt_lib_init_lc_ctype_1                 0x00000345   Thumb Code     0  libinit2.o(.ARM.Collect$$libinit$$00000013)
    __rt_lib_init_lc_monetary_1              0x00000345   Thumb Code     0  libinit2.o(.ARM.Collect$$libinit$$00000015)
    __rt_lib_init_lc_numeric_2               0x00000345   Thumb Code     0  libinit2.o(.ARM.Collect$$libinit$$00000016)
    __rt_lib_init_alloca_1                   0x0000034f   Thumb Code     0  libinit2.o(.ARM.Collect$$libinit$$0000002E)
    __rt_lib_init_argv_1                     0x0000034f   Thumb Code     0  libinit2.o(.ARM.Collect$$libinit$$0000002C)
    __rt_lib_init_atexit_1                   0x0000034f   Thumb Code     0  libinit2.o(.ARM.Collect$$libinit$$0000001B)
    __rt_lib_init_clock_1                    0x0000034f   Thumb Code     0  libinit2.o(.ARM.Collect$$libinit$$00000021)
    __rt_lib_init_cpp_1                      0x0000034f   Thumb Code     0  libinit2.o(.ARM.Collect$$libinit$$00000032)
    __rt_lib_init_exceptions_1               0x0000034f   Thumb Code     0  libinit2.o(.ARM.Collect$$libinit$$00000030)
    __rt_lib_init_fp_trap_1                  0x0000034f   Thumb Code     0  libinit2.o(.ARM.Collect$$libinit$$0000001F)
    __rt_lib_init_getenv_1                   0x0000034f   Thumb Code     0  libinit2.o(.ARM.Collect$$libinit$$00000023)
    __rt_lib_init_lc_numeric_1               0x0000034f   Thumb Code     0  libinit2.o(.ARM.Collect$$libinit$$00000017)
    __rt_lib_init_lc_time_1                  0x0000034f   Thumb Code     0  libinit2.o(.ARM.Collect$$libinit$$00000019)
    __rt_lib_init_return                     0x0000034f   Thumb Code     0  libinit2.o(.ARM.Collect$$libinit$$00000033)
    __rt_lib_init_signal_1                   0x0000034f   Thumb Code     0  libinit2.o(.ARM.Collect$$libinit$$0000001D)
    __rt_lib_init_stdio_1                    0x0000034f   Thumb Code     0  libinit2.o(.ARM.Collect$$libinit$$00000025)
    __rt_lib_shutdown                        0x00000351   Thumb Code     0  libshutdown.o(.ARM.Collect$$libshutdown$$00000000)
    __rt_lib_shutdown_cpp_1                  0x00000353   Thumb Code     0  libshutdown2.o(.ARM.Collect$$libshutdown$$00000002)
    __rt_lib_shutdown_fp_trap_1              0x00000353   Thumb Code     0  libshutdown2.o(.ARM.Collect$$libshutdown$$00000007)
    __rt_lib_shutdown_heap_1                 0x00000353   Thumb Code     0  libshutdown2.o(.ARM.Collect$$libshutdown$$0000000F)
    __rt_lib_shutdown_return                 0x00000353   Thumb Code     0  libshutdown2.o(.ARM.Collect$$libshutdown$$00000010)
    __rt_lib_shutdown_signal_1               0x00000353   Thumb Code     0  libshutdown2.o(.ARM.Collect$$libshutdown$$0000000A)
    __rt_lib_shutdown_stdio_1                0x00000353   Thumb Code     0  libshutdown2.o(.ARM.Collect$$libshutdown$$00000004)
    __rt_lib_shutdown_user_alloc_1           0x00000353   Thumb Code     0  libshutdown2.o(.ARM.Collect$$libshutdown$$0000000C)
    __rt_entry                               0x00000355   Thumb Code     0  __rtentry.o(.ARM.Collect$$rtentry$$00000000)
    __rt_entry_presh_1                       0x00000355   Thumb Code     0  __rtentry2.o(.ARM.Collect$$rtentry$$00000002)
    __rt_entry_sh                            0x00000355   Thumb Code     0  __rtentry4.o(.ARM.Collect$$rtentry$$00000004)
    __rt_entry_li                            0x0000035b   Thumb Code     0  __rtentry2.o(.ARM.Collect$$rtentry$$0000000A)
    __rt_entry_postsh_1                      0x0000035b   Thumb Code     0  __rtentry2.o(.ARM.Collect$$rtentry$$00000009)
    __rt_entry_main                          0x0000035f   Thumb Code     0  __rtentry2.o(.ARM.Collect$$rtentry$$0000000D)
    __rt_entry_postli_1                      0x0000035f   Thumb Code     0  __rtentry2.o(.ARM.Collect$$rtentry$$0000000C)
    __rt_exit                                0x00000367   Thumb Code     0  rtexit.o(.ARM.Collect$$rtexit$$00000000)
    __rt_exit_ls                             0x00000369   Thumb Code     0  rtexit2.o(.ARM.Collect$$rtexit$$00000003)
    __rt_exit_prels_1                        0x00000369   Thumb Code     0  rtexit2.o(.ARM.Collect$$rtexit$$00000002)
    __rt_exit_exit                           0x0000036d   Thumb Code     0  rtexit2.o(.ARM.Collect$$rtexit$$00000004)
    SysCtlDelay                              0x00000375   Thumb Code     6  sysctl.o(.emb_text)
    CPUcpsid                                 0x0000037d   Thumb Code     8  cpu.o(.emb_text)
    CPUprimask                               0x00000385   Thumb Code     6  cpu.o(.emb_text)
    CPUcpsie                                 0x0000038b   Thumb Code     8  cpu.o(.emb_text)
    CPUwfi                                   0x00000393   Thumb Code     4  cpu.o(.emb_text)
    CPUbasepriSet                            0x00000397   Thumb Code     6  cpu.o(.emb_text)
    CPUbasepriGet                            0x0000039d   Thumb Code     6  cpu.o(.emb_text)
    __user_initial_stackheap                 0x000003a5   Thumb Code     0  startup_rvmdk.o(.text)
    __I$use$semihosting                      0x000003bd   Thumb Code     0  use_no_semi.o(.text)
    __use_no_semihosting_swi                 0x000003bd   Thumb Code     2  use_no_semi.o(.text)
    __2printf                                0x000003c1   Thumb Code    20  noretval__2printf.o(.text)
    _printf_str                              0x000003d9   Thumb Code    82  _printf_str.o(.text)
    _printf_int_dec                          0x0000042d   Thumb Code   104  _printf_dec.o(.text)
    __printf                                 0x000004a5   Thumb Code   308  __printf_flags_wp.o(.text)
    getc                                     0x000005dd   Thumb Code     4  getc.o(.text)
    puts                                     0x000005e1   Thumb Code    40  puts.o(.text)
    __use_two_region_memory                  0x0000060d   Thumb Code     2  heapauxi.o(.text)
    __rt_heap_escrow$2region                 0x0000060f   Thumb Code     2  heapauxi.o(.text)
    __rt_heap_expand$2region                 0x00000611   Thumb Code     2  heapauxi.o(.text)
    _printf_int_common                       0x00000613   Thumb Code   178  _printf_intcommon.o(.text)
    __lib_sel_fp_printf                      0x000006c5   Thumb Code     2  _printf_fp_dec.o(.text)
    _printf_fp_dec_real                      0x00000873   Thumb Code   620  _printf_fp_dec.o(.text)
    _printf_cs_common                        0x00000adf   Thumb Code    20  _printf_char.o(.text)
    _printf_char                             0x00000af3   Thumb Code    16  _printf_char.o(.text)
    _printf_string                           0x00000b03   Thumb Code     8  _printf_char.o(.text)
    _printf_char_file                        0x00000b0d   Thumb Code    32  _printf_char_file.o(.text)
    __rt_locale                              0x00000b31   Thumb Code     8  rt_locale_intlibspace.o(.text)
    _ll_udiv10                               0x00000b39   Thumb Code   138  lludiv10.o(.text)
    _printf_char_common                      0x00000bcf   Thumb Code    32  _printf_char_common.o(.text)
    _printf_fp_infnan                        0x00000bf5   Thumb Code   112  _printf_fp_infnan.o(.text)
    _btod_etento                             0x00000c75   Thumb Code   216  bigflt0.o(.text)
    __user_libspace                          0x00000d51   Thumb Code     8  libspace.o(.text)
    __user_perproc_libspace                  0x00000d51   Thumb Code     0  libspace.o(.text)
    __user_perthread_libspace                0x00000d51   Thumb Code     0  libspace.o(.text)
    __user_setup_stackheap                   0x00000d59   Thumb Code    74  sys_stackheap_outer.o(.text)
    exit                                     0x00000da3   Thumb Code    18  exit.o(.text)
    strcmp                                   0x00000db5   Thumb Code   128  strcmpv7m.o(.text)
    _btod_d2e                                0x00000e35   Thumb Code    62  btod.o(CL$$btod_d2e)
    _d2e_denorm_low                          0x00000e73   Thumb Code    70  btod.o(CL$$btod_d2e_denorm_low)
    _d2e_norm_op1                            0x00000eb9   Thumb Code    96  btod.o(CL$$btod_d2e_norm_op1)
    __btod_div_common                        0x00000f19   Thumb Code   696  btod.o(CL$$btod_div_common)
    _e2e                                     0x00001251   Thumb Code   198  btod.o(CL$$btod_e2e)
    _btod_ediv                               0x00001317   Thumb Code    40  btod.o(CL$$btod_ediv)
    _btod_emul                               0x0000133f   Thumb Code    40  btod.o(CL$$btod_emul)
    __btod_mult_common                       0x00001367   Thumb Code   580  btod.o(CL$$btod_mult_common)
    ADC_MultiInit                            0x000015ad   Thumb Code   170  admulti.o(i.ADC_MultiInit)
    ADC_MultiRead                            0x00001675   Thumb Code    46  admulti.o(i.ADC_MultiRead)
    CPUgetPRIMASK_cpsid                      0x000016ad   Thumb Code     8  es_port.o(i.CPUgetPRIMASK_cpsid)
    CPUsetPRIMASK                            0x000016b5   Thumb Code     6  es_port.o(i.CPUsetPRIMASK)
    Check4Keystroke                          0x000016bd   Thumb Code    76  eventcheckers.o(i.Check4Keystroke)
    ES_CheckUserEvents                       0x00001bf5   Thumb Code    34  es_checkevents.o(i.ES_CheckUserEvents)
    ES_DeQueue                               0x00001c1d   Thumb Code    94  es_queue.o(i.ES_DeQueue)
    ES_EnQueueFIFO                           0x00001c81   Thumb Code    82  es_queue.o(i.ES_EnQueueFIFO)
    ES_EnQueueLIFO                           0x00001cd9   Thumb Code    84  es_queue.o(i.ES_EnQueueLIFO)
    ES_GetMSBitSet                           0x00001d31   Thumb Code    48  es_lookuptables.o(i.ES_GetMSBitSet)
    ES_InitQueue                             0x00001d65   Thumb Code    16  es_queue.o(i.ES_InitQueue)
    ES_Initialize                            0x00001d75   Thumb Code    72  es_framework.o(i.ES_Initialize)
    ES_PostToService                         0x00001dc1   Thumb Code    42  es_framework.o(i.ES_PostToService)
    ES_PostToServiceLIFO                     0x00001df9   Thumb Code    42  es_framework.o(i.ES_PostToServiceLIFO)
    ES_RecallEvents                          0x00001e31   Thumb Code    46  es_deferrecall.o(i.ES_RecallEvents)
    ES_Run                                   0x00001e61   Thumb Code   104  es_framework.o(i.ES_Run)
    ES_ShortTimerInit                        0x00001ed9   Thumb Code    40  es_shorttimer.o(i.ES_ShortTimerInit)
    ES_ShortTimerStart                       0x00001f11   Thumb Code    90  es_shorttimer.o(i.ES_ShortTimerStart)
    ES_Timer_GetTime                         0x00001f71   Thumb Code     4  es_timers.o(i.ES_Timer_GetTime)
    ES_Timer_Init                            0x00001f75   Thumb Code     4  es_timers.o(i.ES_Timer_Init)
    ES_Timer_InitTimer                       0x00001f79   Thumb Code    44  es_timers.o(i.ES_Timer_InitTimer)
    ES_Timer_Tick_Resp                       0x00001fb5   Thumb Code   104  es_timers.o(i.ES_Timer_Tick_Resp)
    GPIODirModeSet                           0x0000202d   Thumb Code    40  gpio.o(i.GPIODirModeSet)
    GPIOPadConfigSet                         0x00002055   Thumb Code   312  gpio.o(i.GPIOPadConfigSet)
    GPIOPinConfigure                         0x0000218d   Thumb Code    60  gpio.o(i.GPIOPinConfigure)
    GPIOPinTypeGPIOOutput                    0x000021d1   Thumb Code    28  gpio.o(i.GPIOPinTypeGPIOOutput)
    GPIOPinTypePWM                           0x000021ed   Thumb Code    28  gpio.o(i.GPIOPinTypePWM)
    GPIOPinTypeUART                          0x00002209   Thumb Code    28  gpio.o(i.GPIOPinTypeUART)
    GPIOPinWrite                             0x00002225   Thumb Code     6  gpio.o(i.GPIOPinWrite)
    GetLineCenter                            0x0000222d   Thumb Code   492  camera.o(i.GetLineCenter)
    IRInputCapture                           0x00002439   Thumb Code   148  init_all.o(i.IRInputCapture)
    ISRHallPC4                               0x000024ed   Thumb Code    90  init_all.o(i.ISRHallPC4)
    ISRHallPC6                               0x00002559   Thumb Code    90  init_all.o(i.ISRHallPC6)
    ISRStatusPAC                             0x000025c5   Thumb Code    30  sendbytesstatus.o(i.ISRStatusPAC)
    ISRUltraResponse                         0x000025e5   Thumb Code    78  ultrasonic.o(i.ISRUltraResponse)
    InitCampaigningSM                        0x00002649   Thumb Code    22  campaigning.o(i.InitCampaigningSM)
    InitCannon                               0x00002665   Thumb Code    12  cannon.o(i.InitCannon)
    InitPWM                                  0x00002711   Thumb Code   138  ultrasonic.o(i.InitPWM)
    InitPins                                 0x000027c9   Thumb Code    40  statuspac.o(i.InitPins)
    InitStatusPAC                            0x00002801   Thumb Code    28  statuspac.o(i.InitStatusPAC)
    InitStrategySM                           0x00002821   Thumb Code    64  strategy.o(i.InitStrategySM)
    InitTestHarnessService0                  0x00002865   Thumb Code   108  testharnessservice0.o(i.InitTestHarnessService0)
    InitUltra                                0x000028ed   Thumb Code    60  ultrasonic.o(i.InitUltra)
    InitializeCamera                         0x000029dd   Thumb Code    74  camera.o(i.InitializeCamera)
    InitializeTimer                          0x00002b1d   Thumb Code   150  camera.o(i.InitializeTimer)
    IntEnable                                0x00002bc5   Thumb Code    92  interrupt.o(i.IntEnable)
    IntMasterEnable                          0x00002c29   Thumb Code    14  interrupt.o(i.IntMasterEnable)
    PWMGenConfigure                          0x00002c37   Thumb Code    38  pwm.o(i.PWMGenConfigure)
    PWMGenEnable                             0x00002c5d   Thumb Code    10  pwm.o(i.PWMGenEnable)
    PWMGenPeriodSet                          0x00002c67   Thumb Code    18  pwm.o(i.PWMGenPeriodSet)
    PWMOutputState                           0x00002c79   Thumb Code    16  pwm.o(i.PWMOutputState)
    PWMPulseWidthSet                         0x00002c89   Thumb Code    32  pwm.o(i.PWMPulseWidthSet)
    PWMSyncUpdate                            0x00002ca9   Thumb Code     4  pwm.o(i.PWMSyncUpdate)
    PWM_TIVA_Init                            0x00002cad   Thumb Code   646  pwm10tiva.o(i.PWM_TIVA_Init)
    PWM_TIVA_SetDuty                         0x00002f89   Thumb Code   112  pwm10tiva.o(i.PWM_TIVA_SetDuty)
    PWM_TIVA_SetFreq                         0x0000300d   Thumb Code    50  pwm10tiva.o(i.PWM_TIVA_SetFreq)
    PWM_TIVA_SetPeriod                       0x00003049   Thumb Code   102  pwm10tiva.o(i.PWM_TIVA_SetPeriod)
    PostCamera                               0x000030bd   Thumb Code    14  camera.o(i.PostCamera)
    PostCampaigningSM                        0x000030d1   Thumb Code    14  campaigning.o(i.PostCampaigningSM)
    PostCannon                               0x000030e5   Thumb Code    14  cannon.o(i.PostCannon)
    PostStatusPAC                            0x000030f9   Thumb Code    14  statuspac.o(i.PostStatusPAC)
    PostStrategySM                           0x0000310d   Thumb Code    14  strategy.o(i.PostStrategySM)
    PostUltra                                0x00003121   Thumb Code    14  ultrasonic.o(i.PostUltra)
    ProcessRequestResponse                   0x00003135   Thumb Code    38  capturestation.o(i.ProcessRequestResponse)
    ReadFIFO                                 0x00003165   Thumb Code     8  sendbytesstatus.o(i.ReadFIFO)
    ReturnLineCenter                         0x00003171   Thumb Code     8  camera.o(i.ReturnLineCenter)
    ReturnLineFound                          0x0000317d   Thumb Code     6  camera.o(i.ReturnLineFound)
    RunCamera                                0x00003189   Thumb Code   278  camera.o(i.RunCamera)
    RunCampaigningSM                         0x000032b5   Thumb Code   650  campaigning.o(i.RunCampaigningSM)
    RunCannon                                0x0000354d   Thumb Code   174  cannon.o(i.RunCannon)
    RunCaptureStation                        0x00003605   Thumb Code   426  capturestation.o(i.RunCaptureStation)
    RunFollowLine                            0x000037b9   Thumb Code   374  followline.o(i.RunFollowLine)
    RunSendBytesStatus                       0x0000396d   Thumb Code   580  sendbytesstatus.o(i.RunSendBytesStatus)
    RunShooter                               0x00003bbd   Thumb Code   478  activateshooter.o(i.RunShooter)
    RunStatusPAC                             0x00003da5   Thumb Code   276  statuspac.o(i.RunStatusPAC)
    RunStrategySM                            0x00003ec1   Thumb Code  1656  strategy.o(i.RunStrategySM)
    RunTestHarnessService0                   0x000045bd   Thumb Code   284  testharnessservice0.o(i.RunTestHarnessService0)
    RunUltra                                 0x000047e9   Thumb Code    24  ultrasonic.o(i.RunUltra)
    SetPWM                                   0x00004801   Thumb Code   128  ultrasonic.o(i.SetPWM)
    ShortTimerAHandler                       0x000048a1   Thumb Code    46  es_shorttimer.o(i.ShortTimerAHandler)
    ShortTimerBHandler                       0x000048d9   Thumb Code    50  es_shorttimer.o(i.ShortTimerBHandler)
    StartCampaigningSM                       0x00004915   Thumb Code    24  campaigning.o(i.StartCampaigningSM)
    StartCaptureStation                      0x00004931   Thumb Code    24  capturestation.o(i.StartCaptureStation)
    StartFollowLine                          0x0000494d   Thumb Code    42  followline.o(i.StartFollowLine)
    StartSendBytesStatus                     0x0000497d   Thumb Code    30  sendbytesstatus.o(i.StartSendBytesStatus)
    StartShooter                             0x000049a1   Thumb Code    30  activateshooter.o(i.StartShooter)
    StartStatusPAC                           0x000049c5   Thumb Code    24  statuspac.o(i.StartStatusPAC)
    StopMotors                               0x000049e1   Thumb Code    12  motordrive.o(i.StopMotors)
    SysCtlClockGet                           0x000049f1   Thumb Code   304  sysctl.o(i.SysCtlClockGet)
    SysCtlClockSet                           0x00004b45   Thumb Code   270  sysctl.o(i.SysCtlClockSet)
    SysCtlPWMClockSet                        0x00004c65   Thumb Code    14  sysctl.o(i.SysCtlPWMClockSet)
    SysCtlPeripheralEnable                   0x00004c79   Thumb Code    36  sysctl.o(i.SysCtlPeripheralEnable)
    SysCtlPeripheralReady                    0x00004ca1   Thumb Code    40  sysctl.o(i.SysCtlPeripheralReady)
    SysTickEnable                            0x00004ccd   Thumb Code    14  systick.o(i.SysTickEnable)
    SysTickIntEnable                         0x00004cdb   Thumb Code    14  systick.o(i.SysTickIntEnable)
    SysTickIntHandler                        0x00004ce9   Thumb Code    16  es_port.o(i.SysTickIntHandler)
    SysTickPeriodSet                         0x00004cfd   Thumb Code    10  systick.o(i.SysTickPeriodSet)
    TERMIO_GetChar                           0x00004d07   Thumb Code     4  termio.o(i.TERMIO_GetChar)
    TERMIO_Init                              0x00004d0d   Thumb Code    62  termio.o(i.TERMIO_Init)
    TERMIO_PutChar                           0x00004d5d   Thumb Code     8  termio.o(i.TERMIO_PutChar)
    TimerConfigure                           0x00004d69   Thumb Code    88  timer.o(i.TimerConfigure)
    TimerEnable                              0x00004dc9   Thumb Code    14  timer.o(i.TimerEnable)
    TimerIntClear                            0x00004dd7   Thumb Code     4  timer.o(i.TimerIntClear)
    TimerIntEnable                           0x00004ddb   Thumb Code     8  timer.o(i.TimerIntEnable)
    TimerLoadSet                             0x00004de3   Thumb Code    18  timer.o(i.TimerLoadSet)
    TimerPrescaleSet                         0x00004df5   Thumb Code    18  timer.o(i.TimerPrescaleSet)
    UARTCharPut                              0x00004e07   Thumb Code    12  uart.o(i.UARTCharPut)
    UARTClockSourceSet                       0x00004e13   Thumb Code     6  uart.o(i.UARTClockSourceSet)
    UARTStdioConfig                          0x00004e19   Thumb Code    82  uartstdio.o(i.UARTStdioConfig)
    UARTgetc                                 0x00004e75   Thumb Code    20  uartstdio.o(i.UARTgetc)
    UpdatePWM                                0x00004e8d   Thumb Code    38  motordrive.o(i.UpdatePWM)
    WTimer3AISR                              0x00004eb5   Thumb Code    24  camera.o(i.WTimer3AISR)
    WTimer3BISR                              0x00004ed1   Thumb Code    44  camera.o(i.WTimer3BISR)
    WriteCameraServo                         0x00004f01   Thumb Code    16  servo.o(i.WriteCameraServo)
    _HW_GetTickCount                         0x00004f11   Thumb Code     6  es_port.o(i._HW_GetTickCount)
    _HW_Process_Pending_Ints                 0x00004f1d   Thumb Code    26  es_port.o(i._HW_Process_Pending_Ints)
    _HW_Timer_Init                           0x00004f3d   Thumb Code    22  es_port.o(i._HW_Timer_Init)
    __ARM_fpclassify                         0x00004f53   Thumb Code    48  fpclassify.o(i.__ARM_fpclassify)
    _is_digit                                0x00004f83   Thumb Code    14  __printf_wp.o(i._is_digit)
    _sys_exit                                0x00004f91   Thumb Code     2  retarget.o(i._sys_exit)
    disableHall                              0x00004f95   Thumb Code    32  init_all.o(i.disableHall)
    disableIR                                0x00004fc1   Thumb Code    24  init_all.o(i.disableIR)
    enableHall                               0x00004fe1   Thumb Code    76  init_all.o(i.enableHall)
    enableIR                                 0x0000503d   Thumb Code    18  init_all.o(i.enableIR)
    ferror                                   0x00005059   Thumb Code     6  retarget.o(i.ferror)
    fgetc                                    0x0000505f   Thumb Code     4  retarget.o(i.fgetc)
    fputc                                    0x00005063   Thumb Code    14  retarget.o(i.fputc)
    getMyColor                               0x00005071   Thumb Code     6  strategy.o(i.getMyColor)
    getPartySwitch                           0x0000507d   Thumb Code    12  init_all.o(i.getPartySwitch)
    getPeriodFromHall                        0x0000508d   Thumb Code    62  init_all.o(i.getPeriodFromHall)
    initialize_all                           0x0000557d   Thumb Code   128  init_all.o(i.initialize_all)
    isResponseReady                          0x00005619   Thumb Code    14  capturestation.o(i.isResponseReady)
    kbhit                                    0x00005629   Thumb Code    16  termio.o(i.kbhit)
    main                                     0x0000563d   Thumb Code   108  main.o(i.main)
    querydistance                            0x00005861   Thumb Code     8  ultrasonic.o(i.querydistance)
    rotateClockwise                          0x0000586d   Thumb Code    26  motordrive.o(i.rotateClockwise)
    rotateCounterClockwise                   0x0000588d   Thumb Code    26  motordrive.o(i.rotateCounterClockwise)
    setDisplayLED                            0x000058ad   Thumb Code    60  init_all.o(i.setDisplayLED)
    turnOffLED                               0x000058f1   Thumb Code    28  init_all.o(i.turnOffLED)
    _get_lc_numeric                          0x00005911   Thumb Code    44  lc_numeric_c.o(locale$$code)
    __aeabi_d2f                              0x0000593d   Thumb Code     0  d2f.o(x$fpl$d2f)
    _d2f                                     0x0000593d   Thumb Code    98  d2f.o(x$fpl$d2f)
    __aeabi_dadd                             0x000059a1   Thumb Code     0  daddsub_clz.o(x$fpl$dadd)
    _dadd                                    0x000059a1   Thumb Code   332  daddsub_clz.o(x$fpl$dadd)
    __fpl_dcmp_Inf                           0x00005af1   Thumb Code    24  dcmpi.o(x$fpl$dcmpinf)
    __aeabi_ddiv                             0x00005b09   Thumb Code     0  ddiv.o(x$fpl$ddiv)
    _ddiv                                    0x00005b09   Thumb Code   552  ddiv.o(x$fpl$ddiv)
    __aeabi_i2d                              0x00005db9   Thumb Code     0  dflt_clz.o(x$fpl$dflt)
    _dflt                                    0x00005db9   Thumb Code    46  dflt_clz.o(x$fpl$dflt)
    __aeabi_ui2d                             0x00005de7   Thumb Code     0  dflt_clz.o(x$fpl$dfltu)
    _dfltu                                   0x00005de7   Thumb Code    38  dflt_clz.o(x$fpl$dfltu)
    __aeabi_cdcmple                          0x00005e0d   Thumb Code     0  dleqf.o(x$fpl$dleqf)
    _dcmple                                  0x00005e0d   Thumb Code   120  dleqf.o(x$fpl$dleqf)
    __fpl_dcmple_InfNaN                      0x00005e6f   Thumb Code     0  dleqf.o(x$fpl$dleqf)
    __aeabi_dmul                             0x00005e85   Thumb Code     0  dmul.o(x$fpl$dmul)
    _dmul                                    0x00005e85   Thumb Code   332  dmul.o(x$fpl$dmul)
    __fpl_dnaninf                            0x00005fd9   Thumb Code   156  dnaninf.o(x$fpl$dnaninf)
    __fpl_dretinf                            0x00006075   Thumb Code    12  dretinf.o(x$fpl$dretinf)
    __aeabi_drsub                            0x00006081   Thumb Code     0  daddsub_clz.o(x$fpl$drsb)
    _drsb                                    0x00006081   Thumb Code    22  daddsub_clz.o(x$fpl$drsb)
    __aeabi_dsub                             0x00006099   Thumb Code     0  daddsub_clz.o(x$fpl$dsub)
    _dsub                                    0x00006099   Thumb Code   464  daddsub_clz.o(x$fpl$dsub)
    __aeabi_f2d                              0x0000626d   Thumb Code     0  f2d.o(x$fpl$f2d)
    _f2d                                     0x0000626d   Thumb Code    86  f2d.o(x$fpl$f2d)
    __fpl_fnaninf                            0x000062c3   Thumb Code   140  fnaninf.o(x$fpl$fnaninf)
    _fp_init                                 0x0000634f   Thumb Code    10  fpinit.o(x$fpl$fpinit)
    __fplib_config_fpu_vfp                   0x00006357   Thumb Code     0  fpinit.o(x$fpl$fpinit)
    __fplib_config_pureend_doubles           0x00006357   Thumb Code     0  fpinit.o(x$fpl$fpinit)
    __fpl_fretinf                            0x00006359   Thumb Code    10  fretinf.o(x$fpl$fretinf)
    _printf_fp_dec                           0x00006363   Thumb Code     4  printf1.o(x$fpl$printf1)
    __I$use$fp                               0x00006366   Number         0  usenofp.o(x$fpl$usenofp)
    BitNum2SetMask                           0x000064b8   Data          32  es_lookuptables.o(.constdata)
    Nybble2MSBitNum                          0x000064d8   Data          15  es_lookuptables.o(.constdata)
    Region$$Table$$Base                      0x00006ae0   Number         0  anon$$obj.o(Region$$Table)
    Region$$Table$$Limit                     0x00006b00   Number         0  anon$$obj.o(Region$$Table)
    Ready                                    0x20000110   Data           2  es_framework.o(.data)
    _PRIMASK_temp                            0x20000118   Data           4  es_queue.o(.data)
    __stdout                                 0x20000124   Data           4  retarget.o(.data)
    __stdin                                  0x20000128   Data           4  retarget.o(.data)
    __libspace_start                         0x200004c4   Data          96  libspace.o(.bss)
    __temporary_stack_top$libspace           0x20000524   Data           0  libspace.o(.bss)



==============================================================================

Memory Map of the image

  Image Entry point : 0x0000026d

  Load Region LR_IROM1 (Base: 0x00000000, Size: 0x00006c50, Max: 0x00040000, ABSOLUTE, COMPRESSED[0x00006b54])

    Execution Region ER_IROM1 (Base: 0x00000000, Size: 0x00006b1c, Max: 0x00040000, ABSOLUTE)

    Base Addr    Size         Type   Attr      Idx    E Section Name        Object

    0x00000000   0x00000288   Code   RO          951  * RESET               startup_rvmdk.o
    0x00000288   0x00000008   Code   RO         3025  * !!!main             c_w.l(__main.o)
    0x00000290   0x00000034   Code   RO         3271    !!!scatter          c_w.l(__scatter.o)
    0x000002c4   0x0000003a   Code   RO         3269    !!dczerorl          c_w.l(__dczerorl.o)
    0x000002fe   0x00000002   PAD
    0x00000300   0x0000001c   Code   RO         3273    !!handler_zi        c_w.l(__scatter_zi.o)
    0x0000031c   0x00000000   Code   RO         3018    .ARM.Collect$$_printf_percent$$00000000  c_w.l(_printf_percent.o)
    0x0000031c   0x00000006   Code   RO         3017    .ARM.Collect$$_printf_percent$$00000003  c_w.l(_printf_f.o)
    0x00000322   0x00000006   Code   RO         3016    .ARM.Collect$$_printf_percent$$00000009  c_w.l(_printf_d.o)
    0x00000328   0x00000006   Code   RO         3014    .ARM.Collect$$_printf_percent$$00000013  c_w.l(_printf_c.o)
    0x0000032e   0x00000006   Code   RO         3015    .ARM.Collect$$_printf_percent$$00000014  c_w.l(_printf_s.o)
    0x00000334   0x00000004   Code   RO         3062    .ARM.Collect$$_printf_percent$$00000017  c_w.l(_printf_percent_end.o)
    0x00000338   0x00000002   Code   RO         3148    .ARM.Collect$$libinit$$00000000  c_w.l(libinit.o)
    0x0000033a   0x00000004   Code   RO         3149    .ARM.Collect$$libinit$$00000001  c_w.l(libinit2.o)
    0x0000033e   0x00000000   Code   RO         3152    .ARM.Collect$$libinit$$00000004  c_w.l(libinit2.o)
    0x0000033e   0x00000000   Code   RO         3155    .ARM.Collect$$libinit$$0000000A  c_w.l(libinit2.o)
    0x0000033e   0x00000000   Code   RO         3157    .ARM.Collect$$libinit$$0000000C  c_w.l(libinit2.o)
    0x0000033e   0x00000000   Code   RO         3159    .ARM.Collect$$libinit$$0000000E  c_w.l(libinit2.o)
    0x0000033e   0x00000006   Code   RO         3160    .ARM.Collect$$libinit$$0000000F  c_w.l(libinit2.o)
    0x00000344   0x00000000   Code   RO         3162    .ARM.Collect$$libinit$$00000011  c_w.l(libinit2.o)
    0x00000344   0x00000000   Code   RO         3164    .ARM.Collect$$libinit$$00000013  c_w.l(libinit2.o)
    0x00000344   0x00000000   Code   RO         3166    .ARM.Collect$$libinit$$00000015  c_w.l(libinit2.o)
    0x00000344   0x0000000a   Code   RO         3167    .ARM.Collect$$libinit$$00000016  c_w.l(libinit2.o)
    0x0000034e   0x00000000   Code   RO         3168    .ARM.Collect$$libinit$$00000017  c_w.l(libinit2.o)
    0x0000034e   0x00000000   Code   RO         3170    .ARM.Collect$$libinit$$00000019  c_w.l(libinit2.o)
    0x0000034e   0x00000000   Code   RO         3172    .ARM.Collect$$libinit$$0000001B  c_w.l(libinit2.o)
    0x0000034e   0x00000000   Code   RO         3174    .ARM.Collect$$libinit$$0000001D  c_w.l(libinit2.o)
    0x0000034e   0x00000000   Code   RO         3176    .ARM.Collect$$libinit$$0000001F  c_w.l(libinit2.o)
    0x0000034e   0x00000000   Code   RO         3178    .ARM.Collect$$libinit$$00000021  c_w.l(libinit2.o)
    0x0000034e   0x00000000   Code   RO         3180    .ARM.Collect$$libinit$$00000023  c_w.l(libinit2.o)
    0x0000034e   0x00000000   Code   RO         3182    .ARM.Collect$$libinit$$00000025  c_w.l(libinit2.o)
    0x0000034e   0x00000000   Code   RO         3186    .ARM.Collect$$libinit$$0000002C  c_w.l(libinit2.o)
    0x0000034e   0x00000000   Code   RO         3188    .ARM.Collect$$libinit$$0000002E  c_w.l(libinit2.o)
    0x0000034e   0x00000000   Code   RO         3190    .ARM.Collect$$libinit$$00000030  c_w.l(libinit2.o)
    0x0000034e   0x00000000   Code   RO         3192    .ARM.Collect$$libinit$$00000032  c_w.l(libinit2.o)
    0x0000034e   0x00000002   Code   RO         3193    .ARM.Collect$$libinit$$00000033  c_w.l(libinit2.o)
    0x00000350   0x00000002   Code   RO         3221    .ARM.Collect$$libshutdown$$00000000  c_w.l(libshutdown.o)
    0x00000352   0x00000000   Code   RO         3230    .ARM.Collect$$libshutdown$$00000002  c_w.l(libshutdown2.o)
    0x00000352   0x00000000   Code   RO         3232    .ARM.Collect$$libshutdown$$00000004  c_w.l(libshutdown2.o)
    0x00000352   0x00000000   Code   RO         3235    .ARM.Collect$$libshutdown$$00000007  c_w.l(libshutdown2.o)
    0x00000352   0x00000000   Code   RO         3238    .ARM.Collect$$libshutdown$$0000000A  c_w.l(libshutdown2.o)
    0x00000352   0x00000000   Code   RO         3240    .ARM.Collect$$libshutdown$$0000000C  c_w.l(libshutdown2.o)
    0x00000352   0x00000000   Code   RO         3243    .ARM.Collect$$libshutdown$$0000000F  c_w.l(libshutdown2.o)
    0x00000352   0x00000002   Code   RO         3244    .ARM.Collect$$libshutdown$$00000010  c_w.l(libshutdown2.o)
    0x00000354   0x00000000   Code   RO         3053    .ARM.Collect$$rtentry$$00000000  c_w.l(__rtentry.o)
    0x00000354   0x00000000   Code   RO         3075    .ARM.Collect$$rtentry$$00000002  c_w.l(__rtentry2.o)
    0x00000354   0x00000006   Code   RO         3087    .ARM.Collect$$rtentry$$00000004  c_w.l(__rtentry4.o)
    0x0000035a   0x00000000   Code   RO         3077    .ARM.Collect$$rtentry$$00000009  c_w.l(__rtentry2.o)
    0x0000035a   0x00000004   Code   RO         3078    .ARM.Collect$$rtentry$$0000000A  c_w.l(__rtentry2.o)
    0x0000035e   0x00000000   Code   RO         3080    .ARM.Collect$$rtentry$$0000000C  c_w.l(__rtentry2.o)
    0x0000035e   0x00000008   Code   RO         3081    .ARM.Collect$$rtentry$$0000000D  c_w.l(__rtentry2.o)
    0x00000366   0x00000002   Code   RO         3194    .ARM.Collect$$rtexit$$00000000  c_w.l(rtexit.o)
    0x00000368   0x00000000   Code   RO         3201    .ARM.Collect$$rtexit$$00000002  c_w.l(rtexit2.o)
    0x00000368   0x00000004   Code   RO         3202    .ARM.Collect$$rtexit$$00000003  c_w.l(rtexit2.o)
    0x0000036c   0x00000006   Code   RO         3203    .ARM.Collect$$rtexit$$00000004  c_w.l(rtexit2.o)
    0x00000372   0x00000002   PAD
    0x00000374   0x00000006   Code   RO         2028    .emb_text           driverlib.lib(sysctl.o)
    0x0000037a   0x00000002   PAD
    0x0000037c   0x00000026   Code   RO         2970    .emb_text           driverlib.lib(cpu.o)
    0x000003a2   0x00000002   PAD
    0x000003a4   0x00000018   Code   RO          952    .text               startup_rvmdk.o
    0x000003bc   0x00000002   Code   RO         2982    .text               c_w.l(use_no_semi.o)
    0x000003be   0x00000002   PAD
    0x000003c0   0x00000018   Code   RO         2986    .text               c_w.l(noretval__2printf.o)
    0x000003d8   0x00000052   Code   RO         2990    .text               c_w.l(_printf_str.o)
    0x0000042a   0x00000002   PAD
    0x0000042c   0x00000078   Code   RO         2992    .text               c_w.l(_printf_dec.o)
    0x000004a4   0x00000138   Code   RO         3006    .text               c_w.l(__printf_flags_wp.o)
    0x000005dc   0x00000004   Code   RO         3019    .text               c_w.l(getc.o)
    0x000005e0   0x0000002c   Code   RO         3021    .text               c_w.l(puts.o)
    0x0000060c   0x00000006   Code   RO         3023    .text               c_w.l(heapauxi.o)
    0x00000612   0x000000b2   Code   RO         3054    .text               c_w.l(_printf_intcommon.o)
    0x000006c4   0x0000041a   Code   RO         3056    .text               c_w.l(_printf_fp_dec.o)
    0x00000ade   0x0000002c   Code   RO         3058    .text               c_w.l(_printf_char.o)
    0x00000b0a   0x00000002   PAD
    0x00000b0c   0x00000024   Code   RO         3060    .text               c_w.l(_printf_char_file.o)
    0x00000b30   0x00000008   Code   RO         3092    .text               c_w.l(rt_locale_intlibspace.o)
    0x00000b38   0x0000008a   Code   RO         3094    .text               c_w.l(lludiv10.o)
    0x00000bc2   0x00000002   PAD
    0x00000bc4   0x00000030   Code   RO         3096    .text               c_w.l(_printf_char_common.o)
    0x00000bf4   0x00000080   Code   RO         3098    .text               c_w.l(_printf_fp_infnan.o)
    0x00000c74   0x000000dc   Code   RO         3100    .text               c_w.l(bigflt0.o)
    0x00000d50   0x00000008   Code   RO         3132    .text               c_w.l(libspace.o)
    0x00000d58   0x0000004a   Code   RO         3135    .text               c_w.l(sys_stackheap_outer.o)
    0x00000da2   0x00000012   Code   RO         3139    .text               c_w.l(exit.o)
    0x00000db4   0x00000080   Code   RO         3141    .text               c_w.l(strcmpv7m.o)
    0x00000e34   0x0000003e   Code   RO         3103    CL$$btod_d2e        c_w.l(btod.o)
    0x00000e72   0x00000046   Code   RO         3105    CL$$btod_d2e_denorm_low  c_w.l(btod.o)
    0x00000eb8   0x00000060   Code   RO         3104    CL$$btod_d2e_norm_op1  c_w.l(btod.o)
    0x00000f18   0x00000338   Code   RO         3113    CL$$btod_div_common  c_w.l(btod.o)
    0x00001250   0x000000c6   Code   RO         3110    CL$$btod_e2e        c_w.l(btod.o)
    0x00001316   0x00000028   Code   RO         3107    CL$$btod_ediv       c_w.l(btod.o)
    0x0000133e   0x00000028   Code   RO         3106    CL$$btod_emul       c_w.l(btod.o)
    0x00001366   0x00000244   Code   RO         3112    CL$$btod_mult_common  c_w.l(btod.o)
    0x000015aa   0x00000002   PAD
    0x000015ac   0x000000c8   Code   RO          594    i.ADC_MultiInit     admulti.o
    0x00001674   0x00000038   Code   RO          595    i.ADC_MultiRead     admulti.o
    0x000016ac   0x00000008   Code   RO         1087    i.CPUgetPRIMASK_cpsid  es_port.o
    0x000016b4   0x00000006   Code   RO         1093    i.CPUsetPRIMASK     es_port.o
    0x000016ba   0x00000002   PAD
    0x000016bc   0x00000050   Code   RO           86    i.Check4Keystroke   eventcheckers.o
    0x0000170c   0x0000000e   Code   RO          621    i.ConvertAngle      servo.o
    0x0000171a   0x00000002   PAD
    0x0000171c   0x000004d6   Code   RO          842    i.DuringStateFollowing  followline.o
    0x00001bf2   0x00000002   PAD
    0x00001bf4   0x00000028   Code   RO          958    i.ES_CheckUserEvents  es_checkevents.o
    0x00001c1c   0x00000064   Code   RO         1123    i.ES_DeQueue        es_queue.o
    0x00001c80   0x00000058   Code   RO         1124    i.ES_EnQueueFIFO    es_queue.o
    0x00001cd8   0x00000058   Code   RO         1125    i.ES_EnQueueLIFO    es_queue.o
    0x00001d30   0x00000034   Code   RO         1036    i.ES_GetMSBitSet    es_lookuptables.o
    0x00001d64   0x00000010   Code   RO         1126    i.ES_InitQueue      es_queue.o
    0x00001d74   0x0000004c   Code   RO          984    i.ES_Initialize     es_framework.o
    0x00001dc0   0x00000038   Code   RO          986    i.ES_PostToService  es_framework.o
    0x00001df8   0x00000038   Code   RO          987    i.ES_PostToServiceLIFO  es_framework.o
    0x00001e30   0x0000002e   Code   RO          972    i.ES_RecallEvents   es_deferrecall.o
    0x00001e5e   0x00000002   PAD
    0x00001e60   0x00000078   Code   RO          988    i.ES_Run            es_framework.o
    0x00001ed8   0x00000038   Code   RO          173    i.ES_ShortTimerInit  es_shorttimer.o
    0x00001f10   0x00000060   Code   RO          174    i.ES_ShortTimerStart  es_shorttimer.o
    0x00001f70   0x00000004   Code   RO         1165    i.ES_Timer_GetTime  es_timers.o
    0x00001f74   0x00000004   Code   RO         1166    i.ES_Timer_Init     es_timers.o
    0x00001f78   0x0000003c   Code   RO         1167    i.ES_Timer_InitTimer  es_timers.o
    0x00001fb4   0x00000078   Code   RO         1171    i.ES_Timer_Tick_Resp  es_timers.o
    0x0000202c   0x00000028   Code   RO         1370    i.GPIODirModeSet    driverlib.lib(gpio.o)
    0x00002054   0x00000138   Code   RO         1380    i.GPIOPadConfigSet  driverlib.lib(gpio.o)
    0x0000218c   0x00000044   Code   RO         1381    i.GPIOPinConfigure  driverlib.lib(gpio.o)
    0x000021d0   0x0000001c   Code   RO         1392    i.GPIOPinTypeGPIOOutput  driverlib.lib(gpio.o)
    0x000021ec   0x0000001c   Code   RO         1399    i.GPIOPinTypePWM    driverlib.lib(gpio.o)
    0x00002208   0x0000001c   Code   RO         1404    i.GPIOPinTypeUART   driverlib.lib(gpio.o)
    0x00002224   0x00000006   Code   RO         1410    i.GPIOPinWrite      driverlib.lib(gpio.o)
    0x0000222a   0x00000002   PAD
    0x0000222c   0x0000020c   Code   RO          779    i.GetLineCenter     camera.o
    0x00002438   0x000000b4   Code   RO          377    i.IRInputCapture    init_all.o
    0x000024ec   0x0000006c   Code   RO          378    i.ISRHallPC4        init_all.o
    0x00002558   0x0000006c   Code   RO          379    i.ISRHallPC6        init_all.o
    0x000025c4   0x0000001e   Code   RO          333    i.ISRStatusPAC      sendbytesstatus.o
    0x000025e2   0x00000002   PAD
    0x000025e4   0x00000064   Code   RO          875    i.ISRUltraResponse  ultrasonic.o
    0x00002648   0x0000001c   Code   RO          556    i.InitCampaigningSM  campaigning.o
    0x00002664   0x00000010   Code   RO          753    i.InitCannon        cannon.o
    0x00002674   0x0000009c   Code   RO          380    i.InitIRInputCapture  init_all.o
    0x00002710   0x000000b8   Code   RO          876    i.InitPWM           ultrasonic.o
    0x000027c8   0x00000038   Code   RO          286    i.InitPins          statuspac.o
    0x00002800   0x00000020   Code   RO          287    i.InitStatusPAC     statuspac.o
    0x00002820   0x00000044   Code   RO          214    i.InitStrategySM    strategy.o
    0x00002864   0x00000088   Code   RO          125    i.InitTestHarnessService0  testharnessservice0.o
    0x000028ec   0x00000044   Code   RO          877    i.InitUltra         ultrasonic.o
    0x00002930   0x000000ac   Code   RO          381    i.InitUltrasonic    init_all.o
    0x000029dc   0x0000005c   Code   RO          780    i.InitializeCamera  camera.o
    0x00002a38   0x000000e4   Code   RO          382    i.InitializeSPI     init_all.o
    0x00002b1c   0x000000a8   Code   RO          781    i.InitializeTimer   camera.o
    0x00002bc4   0x00000064   Code   RO         1680    i.IntEnable         driverlib.lib(interrupt.o)
    0x00002c28   0x0000000e   Code   RO         1683    i.IntMasterEnable   driverlib.lib(interrupt.o)
    0x00002c36   0x00000026   Code   RO         1803    i.PWMGenConfigure   driverlib.lib(pwm.o)
    0x00002c5c   0x0000000a   Code   RO         1805    i.PWMGenEnable      driverlib.lib(pwm.o)
    0x00002c66   0x00000012   Code   RO         1818    i.PWMGenPeriodSet   driverlib.lib(pwm.o)
    0x00002c78   0x00000010   Code   RO         1825    i.PWMOutputState    driverlib.lib(pwm.o)
    0x00002c88   0x00000020   Code   RO         1828    i.PWMPulseWidthSet  driverlib.lib(pwm.o)
    0x00002ca8   0x00000004   Code   RO         1830    i.PWMSyncUpdate     driverlib.lib(pwm.o)
    0x00002cac   0x000002dc   Code   RO          647    i.PWM_TIVA_Init     pwm10tiva.o
    0x00002f88   0x00000084   Code   RO          648    i.PWM_TIVA_SetDuty  pwm10tiva.o
    0x0000300c   0x0000003c   Code   RO          649    i.PWM_TIVA_SetFreq  pwm10tiva.o
    0x00003048   0x00000074   Code   RO          650    i.PWM_TIVA_SetPeriod  pwm10tiva.o
    0x000030bc   0x00000014   Code   RO          782    i.PostCamera        camera.o
    0x000030d0   0x00000014   Code   RO          557    i.PostCampaigningSM  campaigning.o
    0x000030e4   0x00000014   Code   RO          754    i.PostCannon        cannon.o
    0x000030f8   0x00000014   Code   RO          288    i.PostStatusPAC     statuspac.o
    0x0000310c   0x00000014   Code   RO          215    i.PostStrategySM    strategy.o
    0x00003120   0x00000014   Code   RO          878    i.PostUltra         ultrasonic.o
    0x00003134   0x00000030   Code   RO          518    i.ProcessRequestResponse  capturestation.o
    0x00003164   0x0000000c   Code   RO          335    i.ReadFIFO          sendbytesstatus.o
    0x00003170   0x0000000c   Code   RO          783    i.ReturnLineCenter  camera.o
    0x0000317c   0x0000000c   Code   RO          784    i.ReturnLineFound   camera.o
    0x00003188   0x0000012c   Code   RO          785    i.RunCamera         camera.o
    0x000032b4   0x00000298   Code   RO          558    i.RunCampaigningSM  campaigning.o
    0x0000354c   0x000000b8   Code   RO          755    i.RunCannon         cannon.o
    0x00003604   0x000001b4   Code   RO          520    i.RunCaptureStation  capturestation.o
    0x000037b8   0x000001b4   Code   RO          844    i.RunFollowLine     followline.o
    0x0000396c   0x00000250   Code   RO          336    i.RunSendBytesStatus  sendbytesstatus.o
    0x00003bbc   0x000001e8   Code   RO          727    i.RunShooter        activateshooter.o
    0x00003da4   0x0000011c   Code   RO          289    i.RunStatusPAC      statuspac.o
    0x00003ec0   0x000006fc   Code   RO          217    i.RunStrategySM     strategy.o
    0x000045bc   0x0000022c   Code   RO          127    i.RunTestHarnessService0  testharnessservice0.o
    0x000047e8   0x00000018   Code   RO          879    i.RunUltra          ultrasonic.o
    0x00004800   0x000000a0   Code   RO          880    i.SetPWM            ultrasonic.o
    0x000048a0   0x00000038   Code   RO          175    i.ShortTimerAHandler  es_shorttimer.o
    0x000048d8   0x0000003c   Code   RO          176    i.ShortTimerBHandler  es_shorttimer.o
    0x00004914   0x0000001c   Code   RO          559    i.StartCampaigningSM  campaigning.o
    0x00004930   0x0000001c   Code   RO          521    i.StartCaptureStation  capturestation.o
    0x0000494c   0x00000030   Code   RO          845    i.StartFollowLine   followline.o
    0x0000497c   0x00000024   Code   RO          337    i.StartSendBytesStatus  sendbytesstatus.o
    0x000049a0   0x00000024   Code   RO          728    i.StartShooter      activateshooter.o
    0x000049c4   0x0000001c   Code   RO          290    i.StartStatusPAC    statuspac.o
    0x000049e0   0x00000010   Code   RO          690    i.StopMotors        motordrive.o
    0x000049f0   0x00000154   Code   RO         2031    i.SysCtlClockGet    driverlib.lib(sysctl.o)
    0x00004b44   0x00000120   Code   RO         2033    i.SysCtlClockSet    driverlib.lib(sysctl.o)
    0x00004c64   0x00000014   Code   RO         2057    i.SysCtlPWMClockSet  driverlib.lib(sysctl.o)
    0x00004c78   0x00000028   Code   RO         2062    i.SysCtlPeripheralEnable  driverlib.lib(sysctl.o)
    0x00004ca0   0x0000002c   Code   RO         2066    i.SysCtlPeripheralReady  driverlib.lib(sysctl.o)
    0x00004ccc   0x0000000e   Code   RO         2371    i.SysTickEnable     driverlib.lib(systick.o)
    0x00004cda   0x0000000e   Code   RO         2373    i.SysTickIntEnable  driverlib.lib(systick.o)
    0x00004ce8   0x00000014   Code   RO         1053    i.SysTickIntHandler  es_port.o
    0x00004cfc   0x0000000a   Code   RO         2377    i.SysTickPeriodSet  driverlib.lib(systick.o)
    0x00004d06   0x00000004   Code   RO         1270    i.TERMIO_GetChar    termio.o
    0x00004d0a   0x00000002   PAD
    0x00004d0c   0x00000050   Code   RO         1271    i.TERMIO_Init       termio.o
    0x00004d5c   0x0000000c   Code   RO         1272    i.TERMIO_PutChar    termio.o
    0x00004d68   0x00000060   Code   RO         2437    i.TimerConfigure    driverlib.lib(timer.o)
    0x00004dc8   0x0000000e   Code   RO         2446    i.TimerEnable       driverlib.lib(timer.o)
    0x00004dd6   0x00000004   Code   RO         2447    i.TimerIntClear     driverlib.lib(timer.o)
    0x00004dda   0x00000008   Code   RO         2449    i.TimerIntEnable    driverlib.lib(timer.o)
    0x00004de2   0x00000012   Code   RO         2455    i.TimerLoadSet      driverlib.lib(timer.o)
    0x00004df4   0x00000012   Code   RO         2464    i.TimerPrescaleSet  driverlib.lib(timer.o)
    0x00004e06   0x0000000c   Code   RO         2683    i.UARTCharPut       driverlib.lib(uart.o)
    0x00004e12   0x00000006   Code   RO         2687    i.UARTClockSourceSet  driverlib.lib(uart.o)
    0x00004e18   0x0000005c   Code   RO         1313    i.UARTStdioConfig   uartstdio.o
    0x00004e74   0x00000018   Code   RO         1314    i.UARTgetc          uartstdio.o
    0x00004e8c   0x00000026   Code   RO          691    i.UpdatePWM         motordrive.o
    0x00004eb2   0x00000002   PAD
    0x00004eb4   0x0000001c   Code   RO          786    i.WTimer3AISR       camera.o
    0x00004ed0   0x00000030   Code   RO          787    i.WTimer3BISR       camera.o
    0x00004f00   0x00000010   Code   RO          622    i.WriteCameraServo  servo.o
    0x00004f10   0x0000000c   Code   RO         1054    i._HW_GetTickCount  es_port.o
    0x00004f1c   0x00000020   Code   RO         1055    i._HW_Process_Pending_Ints  es_port.o
    0x00004f3c   0x00000016   Code   RO         1056    i._HW_Timer_Init    es_port.o
    0x00004f52   0x00000030   Code   RO         3130    i.__ARM_fpclassify  m_wm.l(fpclassify.o)
    0x00004f82   0x0000000e   Code   RO         3004    i._is_digit         c_w.l(__printf_wp.o)
    0x00004f90   0x00000002   Code   RO         1217    i._sys_exit         retarget.o
    0x00004f92   0x00000002   PAD
    0x00004f94   0x0000002c   Code   RO          383    i.disableHall       init_all.o
    0x00004fc0   0x00000020   Code   RO          384    i.disableIR         init_all.o
    0x00004fe0   0x0000005c   Code   RO          385    i.enableHall        init_all.o
    0x0000503c   0x0000001c   Code   RO          386    i.enableIR          init_all.o
    0x00005058   0x00000006   Code   RO         1219    i.ferror            retarget.o
    0x0000505e   0x00000004   Code   RO         1220    i.fgetc             retarget.o
    0x00005062   0x0000000e   Code   RO         1221    i.fputc             retarget.o
    0x00005070   0x0000000c   Code   RO          218    i.getMyColor        strategy.o
    0x0000507c   0x00000010   Code   RO          389    i.getPartySwitch    init_all.o
    0x0000508c   0x00000048   Code   RO          390    i.getPeriodFromHall  init_all.o
    0x000050d4   0x00000348   Code   RO          219    i.getPollingStationCode  strategy.o
    0x0000541c   0x0000000c   Code   RO          220    i.getRBN            strategy.o
    0x00005428   0x000000c0   Code   RO          393    i.initHallInputPC4  init_all.o
    0x000054e8   0x00000094   Code   RO          394    i.initHallInputPC6  init_all.o
    0x0000557c   0x0000009c   Code   RO          395    i.initialize_all    init_all.o
    0x00005618   0x0000000e   Code   RO          522    i.isResponseReady   capturestation.o
    0x00005626   0x00000002   PAD
    0x00005628   0x00000014   Code   RO         1273    i.kbhit             termio.o
    0x0000563c   0x000001d0   Code   RO            1    i.main              main.o
    0x0000580c   0x00000054   Code   RO          221    i.processQueryResponse  strategy.o
    0x00005860   0x0000000c   Code   RO          883    i.querydistance     ultrasonic.o
    0x0000586c   0x00000020   Code   RO          693    i.rotateClockwise   motordrive.o
    0x0000588c   0x00000020   Code   RO          694    i.rotateCounterClockwise  motordrive.o
    0x000058ac   0x00000044   Code   RO          396    i.setDisplayLED     init_all.o
    0x000058f0   0x00000020   Code   RO          397    i.turnOffLED        init_all.o
    0x00005910   0x0000002c   Code   RO         3126    locale$$code        c_w.l(lc_numeric_c.o)
    0x0000593c   0x00000062   Code   RO         3027    x$fpl$d2f           fz_wm.l(d2f.o)
    0x0000599e   0x00000002   PAD
    0x000059a0   0x00000150   Code   RO         3029    x$fpl$dadd          fz_wm.l(daddsub_clz.o)
    0x00005af0   0x00000018   Code   RO         3063    x$fpl$dcmpinf       fz_wm.l(dcmpi.o)
    0x00005b08   0x000002b0   Code   RO         3036    x$fpl$ddiv          fz_wm.l(ddiv.o)
    0x00005db8   0x0000002e   Code   RO         3040    x$fpl$dflt          fz_wm.l(dflt_clz.o)
    0x00005de6   0x00000026   Code   RO         3039    x$fpl$dfltu         fz_wm.l(dflt_clz.o)
    0x00005e0c   0x00000078   Code   RO         3045    x$fpl$dleqf         fz_wm.l(dleqf.o)
    0x00005e84   0x00000154   Code   RO         3047    x$fpl$dmul          fz_wm.l(dmul.o)
    0x00005fd8   0x0000009c   Code   RO         3065    x$fpl$dnaninf       fz_wm.l(dnaninf.o)
    0x00006074   0x0000000c   Code   RO         3067    x$fpl$dretinf       fz_wm.l(dretinf.o)
    0x00006080   0x00000016   Code   RO         3030    x$fpl$drsb          fz_wm.l(daddsub_clz.o)
    0x00006096   0x00000002   PAD
    0x00006098   0x000001d4   Code   RO         3031    x$fpl$dsub          fz_wm.l(daddsub_clz.o)
    0x0000626c   0x00000056   Code   RO         3049    x$fpl$f2d           fz_wm.l(f2d.o)
    0x000062c2   0x0000008c   Code   RO         3069    x$fpl$fnaninf       fz_wm.l(fnaninf.o)
    0x0000634e   0x0000000a   Code   RO         3198    x$fpl$fpinit        fz_wm.l(fpinit.o)
    0x00006358   0x0000000a   Code   RO         3071    x$fpl$fretinf       fz_wm.l(fretinf.o)
    0x00006362   0x00000004   Code   RO         3051    x$fpl$printf1       fz_wm.l(printf1.o)
    0x00006366   0x00000000   Code   RO         3073    x$fpl$usenofp       fz_wm.l(usenofp.o)
    0x00006366   0x00000002   PAD
    0x00006368   0x0000000a   Data   RO          292    .constdata          statuspac.o
    0x00006372   0x00000002   PAD
    0x00006374   0x0000000a   Data   RO          339    .constdata          sendbytesstatus.o
    0x0000637e   0x00000002   PAD
    0x00006380   0x0000000a   Data   RO          523    .constdata          capturestation.o
    0x0000638a   0x00000002   PAD
    0x0000638c   0x0000000a   Data   RO          560    .constdata          campaigning.o
    0x00006396   0x00000002   PAD
    0x00006398   0x00000030   Data   RO          596    .constdata          admulti.o
    0x000063c8   0x00000064   Data   RO          653    .constdata          pwm10tiva.o
    0x0000642c   0x0000000a   Data   RO          729    .constdata          activateshooter.o
    0x00006436   0x00000002   PAD
    0x00006438   0x0000000a   Data   RO          847    .constdata          followline.o
    0x00006442   0x00000002   PAD
    0x00006444   0x00000004   Data   RO          959    .constdata          es_checkevents.o
    0x00006448   0x00000070   Data   RO          997    .constdata          es_framework.o
    0x000064b8   0x00000020   Data   RO         1037    .constdata          es_lookuptables.o
    0x000064d8   0x0000000f   Data   RO         1038    .constdata          es_lookuptables.o
    0x000064e7   0x00000001   PAD
    0x000064e8   0x00000040   Data   RO         1173    .constdata          es_timers.o
    0x00006528   0x0000001c   Data   RO         1319    .constdata          uartstdio.o
    0x00006544   0x00000210   Data   RO         1411    .constdata          driverlib.lib(gpio.o)
    0x00006754   0x0000010c   Data   RO         1696    .constdata          driverlib.lib(interrupt.o)
    0x00006860   0x000001c4   Data   RO         2083    .constdata          driverlib.lib(sysctl.o)
    0x00006a24   0x00000011   Data   RO         3007    .constdata          c_w.l(__printf_flags_wp.o)
    0x00006a35   0x00000003   PAD
    0x00006a38   0x00000094   Data   RO         3101    .constdata          c_w.l(bigflt0.o)
    0x00006acc   0x00000011   Data   RO         1320    .conststring        uartstdio.o
    0x00006add   0x00000003   PAD
    0x00006ae0   0x00000020   Data   RO         3267    Region$$Table       anon$$obj.o
    0x00006b00   0x0000001c   Data   RO         3125    locale$$data        c_w.l(lc_numeric_c.o)


    Execution Region RW_IRAM1 (Base: 0x20000000, Size: 0x00000d28, Max: 0x00008000, ABSOLUTE, COMPRESSED[0x00000038])

    Base Addr    Size         Type   Attr      Idx    E Section Name        Object

    0x20000000   0x00000003   Data   RW          129    .data               testharnessservice0.o
    0x20000003   0x00000002   Data   RW          177    .data               es_shorttimer.o
    0x20000005   0x00000003   PAD
    0x20000008   0x0000002d   Data   RW          222    .data               strategy.o
    0x20000035   0x00000003   Data   RW          293    .data               statuspac.o
    0x20000038   0x00000017   Data   RW          340    .data               sendbytesstatus.o
    0x2000004f   0x00000001   PAD
    0x20000050   0x0000003c   Data   RW          400    .data               init_all.o
    0x2000008c   0x00000001   Data   RW          524    .data               capturestation.o
    0x2000008d   0x00000002   Data   RW          561    .data               campaigning.o
    0x2000008f   0x00000001   Data   RW          597    .data               admulti.o
    0x20000090   0x00000002   Data   RW          654    .data               pwm10tiva.o
    0x20000092   0x00000008   Data   RW          730    .data               activateshooter.o
    0x2000009a   0x00000004   Data   RW          756    .data               cannon.o
    0x2000009e   0x00000002   PAD
    0x200000a0   0x00000018   Data   RW          789    .data               camera.o
    0x200000b8   0x00000044   Data   RW          848    .data               followline.o
    0x200000fc   0x00000014   Data   RW          886    .data               ultrasonic.o
    0x20000110   0x00000002   Data   RW          998    .data               es_framework.o
    0x20000112   0x00000004   Data   RW         1057    .data               es_port.o
    0x20000116   0x00000002   PAD
    0x20000118   0x00000004   Data   RW         1128    .data               es_queue.o
    0x2000011c   0x00000006   Data   RW         1174    .data               es_timers.o
    0x20000122   0x00000002   PAD
    0x20000124   0x00000004   Data   RW         1222    .data               retarget.o
    0x20000128   0x00000004   Data   RW         1223    .data               retarget.o
    0x2000012c   0x00000008   Data   RW         1321    .data               uartstdio.o
    0x20000134   0x00000028   Zero   RW          128    .bss                testharnessservice0.o
    0x2000015c   0x00000040   Zero   RW          398    .bss                init_all.o
    0x2000019c   0x00000020   Zero   RW          652    .bss                pwm10tiva.o
    0x200001bc   0x00000180   Zero   RW          788    .bss                camera.o
    0x2000033c   0x00000028   Zero   RW          846    .bss                followline.o
    0x20000364   0x0000000a   Zero   RW          989    .bss                es_framework.o
    0x2000036e   0x0000003c   Zero   RW          990    .bss                es_framework.o
    0x200003aa   0x00000028   Zero   RW          991    .bss                es_framework.o
    0x200003d2   0x00000028   Zero   RW          992    .bss                es_framework.o
    0x200003fa   0x00000028   Zero   RW          993    .bss                es_framework.o
    0x20000422   0x00000028   Zero   RW          994    .bss                es_framework.o
    0x2000044a   0x00000028   Zero   RW          995    .bss                es_framework.o
    0x20000472   0x00000028   Zero   RW          996    .bss                es_framework.o
    0x2000049a   0x0000002a   Zero   RW         1172    .bss                es_timers.o
    0x200004c4   0x00000060   Zero   RW         3133    .bss                c_w.l(libspace.o)
    0x20000524   0x00000004   PAD
    0x20000528   0x00000000   Zero   RW          950    HEAP                startup_rvmdk.o
    0x20000528   0x00000800   Zero   RW          949    STACK               startup_rvmdk.o


==============================================================================

Image component sizes


      Code (inc. data)   RO Data    RW Data    ZI Data      Debug   Object Name

       524         16         10          8          0       4520   activateshooter.o
       256         40         48          1          0       2228   admulti.o
      1204        114          0         24        384       9391   camera.o
       740         30         10          2          0       6410   campaigning.o
       220         20          0          4          0       3350   cannon.o
       526         24         10          1          0       5279   capturestation.o
        40          6          4          0          0       1405   es_checkevents.o
        46          0          0          0          0       1250   es_deferrecall.o
       308         48        112          2        310       4331   es_framework.o
        52          4         47          0          0       1598   es_lookuptables.o
       100         16          0          4          0       4633   es_port.o
       292         16          0          4          0       3898   es_queue.o
       268         42          0          2          0       3119   es_shorttimer.o
       188         32         64          6         42       3365   es_timers.o
        80          4          0          0          0       3266   eventcheckers.o
      1722        226         10         68         40       6626   followline.o
      1832        268          0         60         64      13820   init_all.o
       464        356          0          0          0      11435   main.o
       118         16          0          0          0       3084   motordrive.o
      1040        142        100          2         32       4511   pwm10tiva.o
        26          0          0          8          0       4163   retarget.o
       670         22         10         23          0       6624   sendbytesstatus.o
        30          0          0          0          0       1923   servo.o
       672        636          0          0       2048        684   startup_rvmdk.o
       420         38         10          3          0       5565   statuspac.o
      2824        476          0         45          0      11239   strategy.o
       116         26          0          0          0       2248   termio.o
       692        300          0          3         40       2947   testharnessservice0.o
       116         14         45          8          0       3264   uartstdio.o
       568        118          0         20          0       5797   ultrasonic.o

    ----------------------------------------------------------------------
     16172       3050        528        308       2960     141973   Object Totals
         0          0         32          0          0          0   (incl. Generated)
        18          0         16         10          0          0   (incl. Padding)

    ----------------------------------------------------------------------

      Code (inc. data)   RO Data    RW Data    ZI Data      Debug   Library Member Name

        58          0          0          0          0          0   __dczerorl.o
         8          0          0          0          0         68   __main.o
       312          4         17          0          0         92   __printf_flags_wp.o
        14          0          0          0          0         68   __printf_wp.o
         0          0          0          0          0          0   __rtentry.o
        12          0          0          0          0          0   __rtentry2.o
         6          0          0          0          0          0   __rtentry4.o
        52          8          0          0          0          0   __scatter.o
        28          0          0          0          0          0   __scatter_zi.o
         6          0          0          0          0          0   _printf_c.o
        44          0          0          0          0        108   _printf_char.o
        48          6          0          0          0         96   _printf_char_common.o
        36          4          0          0          0         80   _printf_char_file.o
         6          0          0          0          0          0   _printf_d.o
       120         16          0          0          0         92   _printf_dec.o
         6          0          0          0          0          0   _printf_f.o
      1050          0          0          0          0        216   _printf_fp_dec.o
       128         16          0          0          0         84   _printf_fp_infnan.o
       178          0          0          0          0         88   _printf_intcommon.o
         0          0          0          0          0          0   _printf_percent.o
         4          0          0          0          0          0   _printf_percent_end.o
         6          0          0          0          0          0   _printf_s.o
        82          0          0          0          0         80   _printf_str.o
       220          4        148          0          0         96   bigflt0.o
      1910        128          0          0          0        672   btod.o
        18          0          0          0          0         80   exit.o
         4          0          0          0          0         68   getc.o
         6          0          0          0          0        152   heapauxi.o
        44         10         28          0          0         76   lc_numeric_c.o
         2          0          0          0          0          0   libinit.o
        22          0          0          0          0          0   libinit2.o
         2          0          0          0          0          0   libshutdown.o
         2          0          0          0          0          0   libshutdown2.o
         8          4          0          0         96         68   libspace.o
       138          0          0          0          0         80   lludiv10.o
        24          4          0          0          0         84   noretval__2printf.o
        44          4          0          0          0         84   puts.o
         8          4          0          0          0         68   rt_locale_intlibspace.o
         2          0          0          0          0          0   rtexit.o
        10          0          0          0          0          0   rtexit2.o
       128          0          0          0          0         68   strcmpv7m.o
        74          0          0          0          0         80   sys_stackheap_outer.o
         2          0          0          0          0         68   use_no_semi.o
        38          0          0          0          0        572   cpu.o
       510          8        528          0          0       8201   gpio.o
       114          8        268          0          0       2042   interrupt.o
       118          0          0          0          0       3119   pwm.o
       738         68        452          0          0       5335   sysctl.o
        38          0          0          0          0       1410   systick.o
       158          8          0          0          0       3122   timer.o
        18          0          0          0          0        999   uart.o
        98          4          0          0          0        140   d2f.o
       826         16          0          0          0        492   daddsub_clz.o
        24          0          0          0          0        116   dcmpi.o
       688        140          0          0          0        256   ddiv.o
        84          0          0          0          0        232   dflt_clz.o
       120          4          0          0          0        140   dleqf.o
       340         12          0          0          0        152   dmul.o
       156          4          0          0          0        140   dnaninf.o
        12          0          0          0          0        116   dretinf.o
        86          4          0          0          0        132   f2d.o
       140          4          0          0          0        132   fnaninf.o
        10          0          0          0          0        116   fpinit.o
        10          0          0          0          0        116   fretinf.o
         4          0          0          0          0        116   printf1.o
         0          0          0          0          0          0   usenofp.o
        48          0          0          0          0        124   fpclassify.o

    ----------------------------------------------------------------------
      9276        492       1444          0        100      30136   Library Totals
        26          0          3          0          4          0   (incl. Padding)

    ----------------------------------------------------------------------

      Code (inc. data)   RO Data    RW Data    ZI Data      Debug   Library Name

      4872        212        193          0         96       2816   c_w.l
      1732         92       1248          0          0      24800   driverlib.lib
      2598        188          0          0          0       2396   fz_wm.l
        48          0          0          0          0        124   m_wm.l

    ----------------------------------------------------------------------
      9276        492       1444          0        100      30136   Library Totals

    ----------------------------------------------------------------------

==============================================================================


      Code (inc. data)   RO Data    RW Data    ZI Data      Debug   

     25448       3542       1972        308       3060     154801   Grand Totals
     25448       3542       1972         56       3060     154801   ELF Image Totals (compressed)
     25448       3542       1972         56          0          0   ROM Totals

==============================================================================

    Total RO  Size (Code + RO Data)                27420 (  26.78kB)
    Total RW  Size (RW Data + ZI Data)              3368 (   3.29kB)
    Total ROM Size (Code + RO Data + RW Data)      27476 (  26.83kB)

==============================================================================

